// Jest Snapshot v1, https://goo.gl/fbAQLP

exports[`elements/content-sidebar/SidebarLoading should render the component 1`] = `
<SidebarContent>
  <LoadingIndicator
    className="bcs-sidebar-loading"
  />
</SidebarContent>
`;
